I'm sorry, but errors were detected in your script. Please correct the
errors listed below, and try again.


The label naissance is defined twice, at
  File "game/abs/humanite/naissance.rpyc", line 69 and
  File "game/spe/naissance_philippe.rpy", line 69.

Ren'Py Version: Ren'Py 7.4.4.1439
Mon Jul 26 19:56:47 2021
